Cursor-1.4.3-x86_64.AppImage: ignoring input
PHP Deprecated:  Illuminate\Log\Logger::__construct(): Implicitly marking parameter $dispatcher as nullable is deprecated, the explicit nullable type must be used instead in /home/munene/work/simon/CTFG/CTFG/vendor/laravel/framework/src/Illuminate/Log/Logger.php on line 43

   INFO  Server running on [http://127.0.0.1:8000].  

  Press Ctrl+C to stop the server

   WARN  PHP Deprecated: Illuminate\Support\Collection::filter(): Implicitly marking parameter $callback as nullable is deprecated, the explicit nullable type must be used instead in vendor/laravel/framework/src/Illuminate/Collections/Collection.php on line 379.  

   WARN  PHP Deprecated: Illuminate\Support\Collection::first(): Implicitly marking parameter $callback as nullable is deprecated, the explicit nullable type must be used instead in vendor/laravel/framework/src/Illuminate/Collections/Collection.php on line 397.  

   WARN  PHP Deprecated: Illuminate\Support\Collection::last(): Implicitly marking parameter $callback as nullable is deprecated, the explicit nullable type must be used instead in vendor/laravel/framework/src/Illuminate/Collections/Collection.php on line 741.  

   WARN  PHP Deprecated: Illuminate\Support\Traits\EnumeratesValues::times(): Implicitly marking parameter $callback as nullable is deprecated, the explicit nullable type must be used instead in vendor/laravel/framework/src/Illuminate/Collections/Traits/EnumeratesValues.php on line 162.  

   WARN  PHP Deprecated: Illuminate\Support\Traits\EnumeratesValues::whenEmpty(): Implicitly marking parameter $default as nullable is deprecated, the explicit nullable type must be used instead in vendor/laravel/framework/src/Illuminate/Collections/Traits/EnumeratesValues.php on line 482.  

   WARN  PHP Deprecated: Illuminate\Support\Traits\EnumeratesValues::whenNotEmpty(): Implicitly marking parameter $default as nullable is deprecated, the explicit nullable type must be used instead in vendor/laravel/framework/src/Illuminate/Collections/Traits/EnumeratesValues.php on line 496.  

   WARN  PHP Deprecated: Illuminate\Support\Traits\EnumeratesValues::unlessEmpty(): Implicitly marking parameter $default as nullable is deprecated, the explicit nullable type must be used instead in vendor/laravel/framework/src/Illuminate/Collections/Traits/EnumeratesValues.php on line 510.  

   WARN  PHP Deprecated: Illuminate\Support\Traits\EnumeratesValues::unlessNotEmpty(): Implicitly marking parameter $default as nullable is deprecated, the explicit nullable type must be used instead in vendor/laravel/framework/src/Illuminate/Collections/Traits/EnumeratesValues.php on line 524.  

   WARN  PHP Deprecated: Illuminate\Support\Enumerable::times(): Implicitly marking parameter $callback as nullable is deprecated, the explicit nullable type must be used instead in vendor/laravel/framework/src/Illuminate/Collections/Enumerable.php on line 40.  

   WARN  PHP Deprecated: Illuminate\Support\Enumerable::filter(): Implicitly marking parameter $callback as nullable is deprecated, the explicit nullable type must be used instead in vendor/laravel/framework/src/Illuminate/Collections/Enumerable.php on line 298.  

   WARN  PHP Deprecated: Illuminate\Support\Enumerable::when(): Implicitly marking parameter $callback as nullable is deprecated, the explicit nullable type must be used instead in vendor/laravel/framework/src/Illuminate/Collections/Enumerable.php on line 310.  

   WARN  PHP Deprecated: Illuminate\Support\Enumerable::when(): Implicitly marking parameter $default as nullable is deprecated, the explicit nullable type must be used instead in vendor/laravel/framework/src/Illuminate/Collections/Enumerable.php on line 310.  

   WARN  PHP Deprecated: Illuminate\Support\Enumerable::whenEmpty(): Implicitly marking parameter $default as nullable is deprecated, the explicit nullable type must be used instead in vendor/laravel/framework/src/Illuminate/Collections/Enumerable.php on line 321.  

   WARN  PHP Deprecated: Illuminate\Support\Enumerable::whenNotEmpty(): Implicitly marking parameter $default as nullable is deprecated, the explicit nullable type must be used instead in vendor/laravel/framework/src/Illuminate/Collections/Enumerable.php on line 332.  

   WARN  PHP Deprecated: Illuminate\Support\Enumerable::unless(): Implicitly marking parameter $default as nullable is deprecated, the explicit nullable type must be used instead in vendor/laravel/framework/src/Illuminate/Collections/Enumerable.php on line 344.  

   WARN  PHP Deprecated: Illuminate\Support\Enumerable::unlessEmpty(): Implicitly marking parameter $default as nullable is deprecated, the explicit nullable type must be used instead in vendor/laravel/framework/src/Illuminate/Collections/Enumerable.php on line 355.  

   WARN  PHP Deprecated: Illuminate\Support\Enumerable::unlessNotEmpty(): Implicitly marking parameter $default as nullable is deprecated, the explicit nullable type must be used instead in vendor/laravel/framework/src/Illuminate/Collections/Enumerable.php on line 366.  

   WARN  PHP Deprecated: Illuminate\Support\Enumerable::first(): Implicitly marking parameter $callback as nullable is deprecated, the explicit nullable type must be used instead in vendor/laravel/framework/src/Illuminate/Collections/Enumerable.php on line 478.  

   WARN  PHP Deprecated: Illuminate\Support\Enumerable::last(): Implicitly marking parameter $callback as nullable is deprecated, the explicit nullable type must be used instead in vendor/laravel/framework/src/Illuminate/Collections/Enumerable.php on line 620.  

   WARN  PHP Deprecated: Illuminate\Database\Eloquent\Model::replicate(): Implicitly marking parameter $except as nullable is deprecated, the explicit nullable type must be used instead in vendor/laravel/framework/src/Illuminate/Database/Eloquent/Model.php on line 1717.  

   WARN  PHP Deprecated: Illuminate\Database\Eloquent\Model::replicateQuietly(): Implicitly marking parameter $except as nullable is deprecated, the explicit nullable type must be used instead in vendor/laravel/framework/src/Illuminate/Database/Eloquent/Model.php on line 1744.  

   WARN  PHP Deprecated: Illuminate\Testing\TestResponse::assertJsonStructure(): Implicitly marking parameter $structure as nullable is deprecated, the explicit nullable type must be used instead in vendor/laravel/framework/src/Illuminate/Testing/TestResponse.php on line 755.  

   WARN  PHP Deprecated: Illuminate\View\View::render(): Implicitly marking parameter $callback as nullable is deprecated, the explicit nullable type must be used instead in vendor/laravel/framework/src/Illuminate/View/View.php on line 144.  

   WARN  PHP Deprecated: Illuminate\View\Compilers\BladeCompiler::anonymousComponentPath(): Implicitly marking parameter $prefix as nullable is deprecated, the explicit nullable type must be used instead in vendor/laravel/framework/src/Illuminate/View/Compilers/BladeCompiler.php on line 796.  

   WARN  PHP Deprecated: Illuminate\View\Compilers\BladeCompiler::anonymousComponentNamespace(): Implicitly marking parameter $prefix as nullable is deprecated, the explicit nullable type must be used instead in vendor/laravel/framework/src/Illuminate/View/Compilers/BladeCompiler.php on line 818.  

   WARN  PHP Deprecated: Illuminate\Console\Application::run(): Implicitly marking parameter $input as nullable is deprecated, the explicit nullable type must be used instead in vendor/laravel/framework/src/Illuminate/Console/Application.php on line 90.  

   WARN  PHP Deprecated: Illuminate\Console\Application::run(): Implicitly marking parameter $output as nullable is deprecated, the explicit nullable type must be used instead in vendor/laravel/framework/src/Illuminate/Console/Application.php on line 90.  

   WARN  PHP Deprecated: Illuminate\Foundation\Validation\ValidatesRequests::validateWith(): Implicitly marking parameter $request as nullable is deprecated, the explicit nullable type must be used instead in vendor/laravel/framework/src/Illuminate/Foundation/Validation/ValidatesRequests.php on line 21.  

   WARN  PHP Deprecated: Spatie\LaravelIgnition\Recorders\DumpRecorder\MultiDumpHandler::addHandler(): Implicitly marking parameter $callable as nullable is deprecated, the explicit nullable type must be used instead in vendor/spatie/laravel-ignition/src/Recorders/DumpRecorder/MultiDumpHandler.php on line 19.  

   WARN  PHP Deprecated: Illuminate\Validation\Factory::__construct(): Implicitly marking parameter $container as nullable is deprecated, the explicit nullable type must be used instead in vendor/laravel/framework/src/Illuminate/Validation/Factory.php on line 90.  

   WARN  PHP Deprecated: Illuminate\View\FileViewFinder::__construct(): Implicitly marking parameter $extensions as nullable is deprecated, the explicit nullable type must be used instead in vendor/laravel/framework/src/Illuminate/View/FileViewFinder.php on line 53.  

   WARN  PHP Deprecated: Illuminate\Pipeline\Pipeline::__construct(): Implicitly marking parameter $container as nullable is deprecated, the explicit nullable type must be used instead in vendor/laravel/framework/src/Illuminate/Pipeline/Pipeline.php on line 47.  

   WARN  PHP Deprecated: Illuminate\Session\Middleware\StartSession::__construct(): Implicitly marking parameter $cacheFactoryResolver as nullable is deprecated, the explicit nullable type must be used instead in vendor/laravel/framework/src/Illuminate/Session/Middleware/StartSession.php on line 38.  

   WARN  PHP Deprecated: Illuminate\Session\Middleware\StartSession::sessionIsPersistent(): Implicitly marking parameter $config as nullable is deprecated, the explicit nullable type must be used instead in vendor/laravel/framework/src/Illuminate/Session/Middleware/StartSession.php on line 282.  

   WARN  PHP Deprecated: Illuminate\Database\MySqlConnection::getSchemaState(): Implicitly marking parameter $files as nullable is deprecated, the explicit nullable type must be used instead in vendor/laravel/framework/src/Illuminate/Database/MySqlConnection.php on line 67.  

   WARN  PHP Deprecated: Illuminate\Database\MySqlConnection::getSchemaState(): Implicitly marking parameter $processFactory as nullable is deprecated, the explicit nullable type must be used instead in vendor/laravel/framework/src/Illuminate/Database/MySqlConnection.php on line 67.  

   WARN  PHP Deprecated: Illuminate\Database\Query\Builder::__construct(): Implicitly marking parameter $grammar as nullable is deprecated, the explicit nullable type must be used instead in vendor/laravel/framework/src/Illuminate/Database/Query/Builder.php on line 239.  

   WARN  PHP Deprecated: Illuminate\Database\Query\Builder::__construct(): Implicitly marking parameter $processor as nullable is deprecated, the explicit nullable type must be used instead in vendor/laravel/framework/src/Illuminate/Database/Query/Builder.php on line 239.  

   WARN  PHP Deprecated: Illuminate\Database\Query\Builder::findOr(): Implicitly marking parameter $callback as nullable is deprecated, the explicit nullable type must be used instead in vendor/laravel/framework/src/Illuminate/Database/Query/Builder.php on line 2627.  

   WARN  PHP Deprecated: Illuminate\Database\Eloquent\Builder::withoutGlobalScopes(): Implicitly marking parameter $scopes as nullable is deprecated, the explicit nullable type must be used instead in vendor/laravel/framework/src/Illuminate/Database/Eloquent/Builder.php on line 199.  

   WARN  PHP Deprecated: Illuminate\Database\Eloquent\Builder::findOr(): Implicitly marking parameter $callback as nullable is deprecated, the explicit nullable type must be used instead in vendor/laravel/framework/src/Illuminate/Database/Eloquent/Builder.php on line 521.  

   WARN  PHP Deprecated: Illuminate\Database\Eloquent\Builder::firstOr(): Implicitly marking parameter $callback as nullable is deprecated, the explicit nullable type must be used instead in vendor/laravel/framework/src/Illuminate/Database/Eloquent/Builder.php on line 608.  

   WARN  PHP Deprecated: Illuminate\Database\Eloquent\Concerns\QueriesRelationships::has(): Implicitly marking parameter $callback as nullable is deprecated, the explicit nullable type must be used instead in vendor/laravel/framework/src/Illuminate/Database/Eloquent/Concerns/QueriesRelationships.php on line 32.  

   WARN  PHP Deprecated: Illuminate\Database\Eloquent\Concerns\QueriesRelationships::doesntHave(): Implicitly marking parameter $callback as nullable is deprecated, the explicit nullable type must be used instead in vendor/laravel/framework/src/Illuminate/Database/Eloquent/Concerns/QueriesRelationships.php on line 125.  

   WARN  PHP Deprecated: Illuminate\Database\Eloquent\Concerns\QueriesRelationships::whereHas(): Implicitly marking parameter $callback as nullable is deprecated, the explicit nullable type must be used instead in vendor/laravel/framework/src/Illuminate/Database/Eloquent/Concerns/QueriesRelationships.php on line 150.  

   WARN  PHP Deprecated: Illuminate\Database\Eloquent\Concerns\QueriesRelationships::withWhereHas(): Implicitly marking parameter $callback as nullable is deprecated, the explicit nullable type must be used instead in vendor/laravel/framework/src/Illuminate/Database/Eloquent/Concerns/QueriesRelationships.php on line 166.  

   WARN  PHP Deprecated: Illuminate\Database\Eloquent\Concerns\QueriesRelationships::orWhereHas(): Implicitly marking parameter $callback as nullable is deprecated, the explicit nullable type must be used instead in vendor/laravel/framework/src/Illuminate/Database/Eloquent/Concerns/QueriesRelationships.php on line 181.  

   WARN  PHP Deprecated: Illuminate\Database\Eloquent\Concerns\QueriesRelationships::whereDoesntHave(): Implicitly marking parameter $callback as nullable is deprecated, the explicit nullable type must be used instead in vendor/laravel/framework/src/Illuminate/Database/Eloquent/Concerns/QueriesRelationships.php on line 193.  

   WARN  PHP Deprecated: Illuminate\Database\Eloquent\Concerns\QueriesRelationships::orWhereDoesntHave(): Implicitly marking parameter $callback as nullable is deprecated, the explicit nullable type must be used instead in vendor/laravel/framework/src/Illuminate/Database/Eloquent/Concerns/QueriesRelationships.php on line 205.  

   WARN  PHP Deprecated: Illuminate\Database\Eloquent\Concerns\QueriesRelationships::hasMorph(): Implicitly marking parameter $callback as nullable is deprecated, the explicit nullable type must be used instead in vendor/laravel/framework/src/Illuminate/Database/Eloquent/Concerns/QueriesRelationships.php on line 221.  

   WARN  PHP Deprecated: Illuminate\Database\Eloquent\Concerns\QueriesRelationships::doesntHaveMorph(): Implicitly marking parameter $callback as nullable is deprecated, the explicit nullable type must be used instead in vendor/laravel/framework/src/Illuminate/Database/Eloquent/Concerns/QueriesRelationships.php on line 300.  

   WARN  PHP Deprecated: Illuminate\Database\Eloquent\Concerns\QueriesRelationships::whereHasMorph(): Implicitly marking parameter $callback as nullable is deprecated, the explicit nullable type must be used instead in vendor/laravel/framework/src/Illuminate/Database/Eloquent/Concerns/QueriesRelationships.php on line 327.  

   WARN  PHP Deprecated: Illuminate\Database\Eloquent\Concerns\QueriesRelationships::orWhereHasMorph(): Implicitly marking parameter $callback as nullable is deprecated, the explicit nullable type must be used instead in vendor/laravel/framework/src/Illuminate/Database/Eloquent/Concerns/QueriesRelationships.php on line 342.  

   WARN  PHP Deprecated: Illuminate\Database\Eloquent\Concerns\QueriesRelationships::whereDoesntHaveMorph(): Implicitly marking parameter $callback as nullable is deprecated, the explicit nullable type must be used instead in vendor/laravel/framework/src/Illuminate/Database/Eloquent/Concerns/QueriesRelationships.php on line 355.  

   WARN  PHP Deprecated: Illuminate\Database\Eloquent\Concerns\QueriesRelationships::orWhereDoesntHaveMorph(): Implicitly marking parameter $callback as nullable is deprecated, the explicit nullable type must be used instead in vendor/laravel/framework/src/Illuminate/Database/Eloquent/Concerns/QueriesRelationships.php on line 368.  

   WARN  PHP Deprecated: Illuminate\Auth\SessionGuard::__construct(): Implicitly marking parameter $request as nullable is deprecated, the explicit nullable type must be used instead in vendor/laravel/framework/src/Illuminate/Auth/SessionGuard.php on line 123.  

   WARN  PHP Deprecated: Illuminate\Auth\SessionGuard::__construct(): Implicitly marking parameter $timebox as nullable is deprecated, the explicit nullable type must be used instead in vendor/laravel/framework/src/Illuminate/Auth/SessionGuard.php on line 123.  

   WARN  PHP Deprecated: Illuminate\Log\Logger::__construct(): Implicitly marking parameter $dispatcher as nullable is deprecated, the explicit nullable type must be used instead in vendor/laravel/framework/src/Illuminate/Log/Logger.php on line 43.  

   WARN  PHP Deprecated: Illuminate\View\Engines\CompilerEngine::__construct(): Implicitly marking parameter $files as nullable is deprecated, the explicit nullable type must be used instead in vendor/laravel/framework/src/Illuminate/View/Engines/CompilerEngine.php on line 40.  

   WARN  PHP Fatal error: Uncaught PDOException: SQLSTATE[HY000.  

   WARN  Stack trace:  

   WARN  #0 vendor/laravel/framework/src/Illuminate/Database/Connectors/Connector.php(70): PDO->__construct().  

   WARN  #1 vendor/laravel/framework/src/Illuminate/Database/Connectors/Connector.php(45): Illuminate\Database\Connectors\Connector->createPdoConnection().  

   WARN  #2 vendor/laravel/framework/src/Illuminate/Database/Connectors/MySqlConnector.php(24): Illuminate\Database\Connectors\Connector->createConnection().  

   WARN  #3 vendor/laravel/framework/src/Illuminate/Database/Connectors/ConnectionFactory.php(184): Illuminate\Database\Connectors\MySqlConnector->connect().  

   WARN  #4 [internal function]: Illuminate\Database\Connectors\ConnectionFactory->{closure:Illuminate\Database\Connectors\ConnectionFactory::createPdoResolverWithHosts():179}().  

   WARN  #5 vendor/laravel/framework/src/Illuminate/Database/Connection.php(1181): call_user_func().  

   WARN  #6 vendor/laravel/framework/src/Illuminate/Database/Connection.php(1217): Illuminate\Database\Connection->getPdo().  

   WARN  #7 vendor/laravel/framework/src/Illuminate/Database/Connection.php(486): Illuminate\Database\Connection->getReadPdo().  

   WARN  #8 vendor/laravel/framework/src/Illuminate/Database/Connection.php(414): Illuminate\Database\Connection->getPdoForSelect().  

   WARN  #9 vendor/laravel/framework/src/Illuminate/Database/Connection.php(753): Illuminate\Database\Connection->{closure:Illuminate\Database\Connection::select():405}().  

   WARN  #10 vendor/laravel/framework/src/Illuminate/Database/Connection.php(720): Illuminate\Database\Connection->runQueryCallback().  

   WARN  #11 vendor/laravel/framework/src/Illuminate/Database/Connection.php(405): Illuminate\Database\Connection->run().  

   WARN  #12 vendor/laravel/framework/src/Illuminate/Database/Query/Builder.php(2705): Illuminate\Database\Connection->select().  

   WARN  #13 vendor/laravel/framework/src/Illuminate/Database/Query/Builder.php(2694): Illuminate\Database\Query\Builder->runSelect().  

   WARN  #14 vendor/laravel/framework/src/Illuminate/Database/Query/Builder.php(3230): Illuminate\Database\Query\Builder->{closure:Illuminate\Database\Query\Builder::get():2693}().  

   WARN  #15 vendor/laravel/framework/src/Illuminate/Database/Query/Builder.php(2693): Illuminate\Database\Query\Builder->onceWithColumns().  

   WARN  #16 vendor/laravel/framework/src/Illuminate/Database/Eloquent/Builder.php(710): Illuminate\Database\Query\Builder->get().  

   WARN  #17 vendor/laravel/framework/src/Illuminate/Database/Eloquent/Builder.php(694): Illuminate\Database\Eloquent\Builder->getModels().  

   WARN  #18 app/Http/ViewComposers/Categories.php(18): Illuminate\Database\Eloquent\Builder->get().  

   WARN  #19 [internal function]: App\Http\ViewComposers\Categories->__construct().  

   WARN  #20 vendor/laravel/framework/src/Illuminate/Container/Container.php(929): ReflectionClass->newInstanceArgs().  

   WARN  #21 vendor/laravel/framework/src/Illuminate/Container/Container.php(770): Illuminate\Container\Container->build().  

   WARN  #22 vendor/laravel/framework/src/Illuminate/Foundation/Application.php(881): Illuminate\Container\Container->resolve().  

   WARN  #23 vendor/laravel/framework/src/Illuminate/Container/Container.php(706): Illuminate\Foundation\Application->resolve().  

   WARN  #24 vendor/laravel/framework/src/Illuminate/Foundation/Application.php(866): Illuminate\Container\Container->make().  

   WARN  #25 vendor/laravel/framework/src/Illuminate/View/Concerns/ManagesEvents.php(124): Illuminate\Foundation\Application->make().  

   WARN  #26 vendor/laravel/framework/src/Illuminate/View/Concerns/ManagesEvents.php(162): Illuminate\View\Factory->{closure:Illuminate\View\Concerns\ManagesEvents::buildClassEventCallback():123}().  

   WARN  #27 vendor/laravel/framework/src/Illuminate/Events/Dispatcher.php(418): Illuminate\View\Factory->{closure:Illuminate\View\Concerns\ManagesEvents::addEventListener():161}().  

   WARN  #28 vendor/laravel/framework/src/Illuminate/Events/Dispatcher.php(249): Illuminate\Events\Dispatcher->{closure:Illuminate\Events\Dispatcher::makeListener():416}().  

   WARN  #29 vendor/laravel/framework/src/Illuminate/View/Concerns/ManagesEvents.php(177): Illuminate\Events\Dispatcher->dispatch().  

   WARN  #30 vendor/laravel/framework/src/Illuminate/View/View.php(176): Illuminate\View\Factory->callComposer().  

   WARN  #31 vendor/laravel/framework/src/Illuminate/View/View.php(147): Illuminate\View\View->renderContents().  

   WARN  #32 vendor/laravel/framework/src/Illuminate/Http/Response.php(69): Illuminate\View\View->render().  

   WARN  #33 vendor/laravel/framework/src/Illuminate/Http/Response.php(35): Illuminate\Http\Response->setContent().  

   WARN  #34 vendor/laravel/framework/src/Illuminate/Routing/ResponseFactory.php(57): Illuminate\Http\Response->__construct().  

   WARN  #35 vendor/laravel/framework/src/Illuminate/Routing/ResponseFactory.php(87): Illuminate\Routing\ResponseFactory->make().  

   WARN  #36 vendor/laravel/framework/src/Illuminate/Foundation/Exceptions/Handler.php(626): Illuminate\Routing\ResponseFactory->view().  

   WARN  #37 vendor/laravel/framework/src/Illuminate/Foundation/Exceptions/Handler.php(554): Illuminate\Foundation\Exceptions\Handler->renderHttpException().  

   WARN  #38 vendor/laravel/framework/src/Illuminate/Foundation/Exceptions/Handler.php(460): Illuminate\Foundation\Exceptions\Handler->prepareResponse().  

   WARN  #39 vendor/laravel/framework/src/Illuminate/Foundation/Exceptions/Handler.php(377): Illuminate\Foundation\Exceptions\Handler->renderExceptionResponse().  

   WARN  #40 app/Exceptions/Handler.php(53): Illuminate\Foundation\Exceptions\Handler->render().  

   WARN  #41 vendor/laravel/framework/src/Illuminate/Foundation/Bootstrap/HandleExceptions.php(235): App\Exceptions\Handler->render().  

   WARN  #42 vendor/laravel/framework/src/Illuminate/Foundation/Bootstrap/HandleExceptions.php(212): Illuminate\Foundation\Bootstrap\HandleExceptions->renderHttpResponse().  

   WARN  #43 vendor/laravel/framework/src/Illuminate/Foundation/Bootstrap/HandleExceptions.php(272): Illuminate\Foundation\Bootstrap\HandleExceptions->handleException().  

   WARN  #44 [internal function]: Illuminate\Foundation\Bootstrap\HandleExceptions->{closure:Illuminate\Foundation\Bootstrap\HandleExceptions::forwardsTo():271}().  

   WARN  #45 {main}.  

   WARN  [1698.  

   WARN  Stack trace:  

   WARN  #0 vendor/laravel/framework/src/Illuminate/Database/Connection.php(720): Illuminate\Database\Connection->runQueryCallback().  

   WARN  #1 vendor/laravel/framework/src/Illuminate/Database/Connection.php(405): Illuminate\Database\Connection->run().  

   WARN  #2 vendor/laravel/framework/src/Illuminate/Database/Query/Builder.php(2705): Illuminate\Database\Connection->select().  

   WARN  #3 vendor/laravel/framework/src/Illuminate/Database/Query/Builder.php(2694): Illuminate\Database\Query\Builder->runSelect().  

   WARN  #4 vendor/laravel/framework/src/Illuminate/Database/Query/Builder.php(3230): Illuminate\Database\Query\Builder->{closure:Illuminate\Database\Query\Builder::get():2693}().  

   WARN  #5 vendor/laravel/framework/src/Illuminate/Database/Query/Builder.php(2693): Illuminate\Database\Query\Builder->onceWithColumns().  

   WARN  #6 vendor/laravel/framework/src/Illuminate/Database/Eloquent/Builder.php(710): Illuminate\Database\Query\Builder->get().  

   WARN  #7 vendor/laravel/framework/src/Illuminate/Database/Eloquent/Builder.php(694): Illuminate\Database\Eloquent\Builder->getModels().  

   WARN  #8 app/Http/ViewComposers/Categories.php(18): Illuminate\Database\Eloquent\Builder->get().  

   WARN  #9 [internal function]: App\Http\ViewComposers\Categories->__construct().  

   WARN  #10 vendor/laravel/framework/src/Illuminate/Container/Container.php(929): ReflectionClass->newInstanceArgs().  

   WARN  #11 vendor/laravel/framework/src/Illuminate/Container/Container.php(770): Illuminate\Container\Container->build().  

   WARN  #12 vendor/laravel/framework/src/Illuminate/Foundation/Application.php(881): Illuminate\Container\Container->resolve().  

   WARN  #13 vendor/laravel/framework/src/Illuminate/Container/Container.php(706): Illuminate\Foundation\Application->resolve().  

   WARN  #14 vendor/laravel/framework/src/Illuminate/Foundation/Application.php(866): Illuminate\Container\Container->make().  

   WARN  #15 vendor/laravel/framework/src/Illuminate/View/Concerns/ManagesEvents.php(124): Illuminate\Foundation\Application->make().  

   WARN  #16 vendor/laravel/framework/src/Illuminate/View/Concerns/ManagesEvents.php(162): Illuminate\View\Factory->{closure:Illuminate\View\Concerns\ManagesEvents::buildClassEventCallback():123}().  

   WARN  #17 vendor/laravel/framework/src/Illuminate/Events/Dispatcher.php(418): Illuminate\View\Factory->{closure:Illuminate\View\Concerns\ManagesEvents::addEventListener():161}().  

   WARN  #18 vendor/laravel/framework/src/Illuminate/Events/Dispatcher.php(249): Illuminate\Events\Dispatcher->{closure:Illuminate\Events\Dispatcher::makeListener():416}().  

   WARN  #19 vendor/laravel/framework/src/Illuminate/View/Concerns/ManagesEvents.php(177): Illuminate\Events\Dispatcher->dispatch().  

   WARN  #20 vendor/laravel/framework/src/Illuminate/View/View.php(176): Illuminate\View\Factory->callComposer().  

   WARN  #21 vendor/laravel/framework/src/Illuminate/View/View.php(147): Illuminate\View\View->renderContents().  

   WARN  #22 vendor/laravel/framework/src/Illuminate/Http/Response.php(69): Illuminate\View\View->render().  

   WARN  #23 vendor/laravel/framework/src/Illuminate/Http/Response.php(35): Illuminate\Http\Response->setContent().  

   WARN  #24 vendor/laravel/framework/src/Illuminate/Routing/ResponseFactory.php(57): Illuminate\Http\Response->__construct().  

   WARN  #25 vendor/laravel/framework/src/Illuminate/Routing/ResponseFactory.php(87): Illuminate\Routing\ResponseFactory->make().  

   WARN  #26 vendor/laravel/framework/src/Illuminate/Foundation/Exceptions/Handler.php(626): Illuminate\Routing\ResponseFactory->view().  

   WARN  #27 vendor/laravel/framework/src/Illuminate/Foundation/Exceptions/Handler.php(554): Illuminate\Foundation\Exceptions\Handler->renderHttpException().  

   WARN  #28 vendor/laravel/framework/src/Illuminate/Foundation/Exceptions/Handler.php(460): Illuminate\Foundation\Exceptions\Handler->prepareResponse().  

   WARN  #29 vendor/laravel/framework/src/Illuminate/Foundation/Exceptions/Handler.php(377): Illuminate\Foundation\Exceptions\Handler->renderExceptionResponse().  

   WARN  #30 app/Exceptions/Handler.php(53): Illuminate\Foundation\Exceptions\Handler->render().  

   WARN  #31 vendor/laravel/framework/src/Illuminate/Foundation/Bootstrap/HandleExceptions.php(235): App\Exceptions\Handler->render().  

   WARN  #32 vendor/laravel/framework/src/Illuminate/Foundation/Bootstrap/HandleExceptions.php(212): Illuminate\Foundation\Bootstrap\HandleExceptions->renderHttpResponse().  

   WARN  #33 vendor/laravel/framework/src/Illuminate/Foundation/Bootstrap/HandleExceptions.php(272): Illuminate\Foundation\Bootstrap\HandleExceptions->handleException().  

   WARN  #34 [internal function]: Illuminate\Foundation\Bootstrap\HandleExceptions->{closure:Illuminate\Foundation\Bootstrap\HandleExceptions::forwardsTo():271}().  

   WARN  #35 {main}.  

   WARN  thrown in vendor/laravel/framework/src/Illuminate/Database/Connection.php on line 760.  

   WARN  PHP Fatal error: Uncaught PDOException: SQLSTATE[HY000.  

   WARN  Stack trace:  

   WARN  #0 vendor/laravel/framework/src/Illuminate/Database/Connectors/Connector.php(70): PDO->__construct().  

   WARN  #1 vendor/laravel/framework/src/Illuminate/Database/Connectors/Connector.php(45): Illuminate\Database\Connectors\Connector->createPdoConnection().  

   WARN  #2 vendor/laravel/framework/src/Illuminate/Database/Connectors/MySqlConnector.php(24): Illuminate\Database\Connectors\Connector->createConnection().  

   WARN  #3 vendor/laravel/framework/src/Illuminate/Database/Connectors/ConnectionFactory.php(184): Illuminate\Database\Connectors\MySqlConnector->connect().  

   WARN  #4 [internal function]: Illuminate\Database\Connectors\ConnectionFactory->{closure:Illuminate\Database\Connectors\ConnectionFactory::createPdoResolverWithHosts():179}().  

   WARN  #5 vendor/laravel/framework/src/Illuminate/Database/Connection.php(1181): call_user_func().  

   WARN  #6 vendor/laravel/framework/src/Illuminate/Database/Connection.php(1217): Illuminate\Database\Connection->getPdo().  

   WARN  #7 vendor/laravel/framework/src/Illuminate/Database/Connection.php(486): Illuminate\Database\Connection->getReadPdo().  

   WARN  #8 vendor/laravel/framework/src/Illuminate/Database/Connection.php(414): Illuminate\Database\Connection->getPdoForSelect().  

   WARN  #9 vendor/laravel/framework/src/Illuminate/Database/Connection.php(753): Illuminate\Database\Connection->{closure:Illuminate\Database\Connection::select():405}().  

   WARN  #10 vendor/laravel/framework/src/Illuminate/Database/Connection.php(720): Illuminate\Database\Connection->runQueryCallback().  

   WARN  #11 vendor/laravel/framework/src/Illuminate/Database/Connection.php(405): Illuminate\Database\Connection->run().  

   WARN  #12 vendor/laravel/framework/src/Illuminate/Database/Query/Builder.php(2705): Illuminate\Database\Connection->select().  

   WARN  #13 vendor/laravel/framework/src/Illuminate/Database/Query/Builder.php(2694): Illuminate\Database\Query\Builder->runSelect().  

   WARN  #14 vendor/laravel/framework/src/Illuminate/Database/Query/Builder.php(3230): Illuminate\Database\Query\Builder->{closure:Illuminate\Database\Query\Builder::get():2693}().  

   WARN  #15 vendor/laravel/framework/src/Illuminate/Database/Query/Builder.php(2693): Illuminate\Database\Query\Builder->onceWithColumns().  

   WARN  #16 vendor/laravel/framework/src/Illuminate/Database/Eloquent/Builder.php(710): Illuminate\Database\Query\Builder->get().  

   WARN  #17 vendor/laravel/framework/src/Illuminate/Database/Eloquent/Builder.php(694): Illuminate\Database\Eloquent\Builder->getModels().  

   WARN  #18 app/Http/ViewComposers/Categories.php(18): Illuminate\Database\Eloquent\Builder->get().  

   WARN  #19 [internal function]: App\Http\ViewComposers\Categories->__construct().  

   WARN  #20 vendor/laravel/framework/src/Illuminate/Container/Container.php(929): ReflectionClass->newInstanceArgs().  

   WARN  #21 vendor/laravel/framework/src/Illuminate/Container/Container.php(770): Illuminate\Container\Container->build().  

   WARN  #22 vendor/laravel/framework/src/Illuminate/Foundation/Application.php(881): Illuminate\Container\Container->resolve().  

   WARN  #23 vendor/laravel/framework/src/Illuminate/Container/Container.php(706): Illuminate\Foundation\Application->resolve().  

   WARN  #24 vendor/laravel/framework/src/Illuminate/Foundation/Application.php(866): Illuminate\Container\Container->make().  

   WARN  #25 vendor/laravel/framework/src/Illuminate/View/Concerns/ManagesEvents.php(124): Illuminate\Foundation\Application->make().  

   WARN  #26 vendor/laravel/framework/src/Illuminate/View/Concerns/ManagesEvents.php(162): Illuminate\View\Factory->{closure:Illuminate\View\Concerns\ManagesEvents::buildClassEventCallback():123}().  

   WARN  #27 vendor/laravel/framework/src/Illuminate/Events/Dispatcher.php(418): Illuminate\View\Factory->{closure:Illuminate\View\Concerns\ManagesEvents::addEventListener():161}().  

   WARN  #28 vendor/laravel/framework/src/Illuminate/Events/Dispatcher.php(249): Illuminate\Events\Dispatcher->{closure:Illuminate\Events\Dispatcher::makeListener():416}().  

   WARN  #29 vendor/laravel/framework/src/Illuminate/View/Concerns/ManagesEvents.php(177): Illuminate\Events\Dispatcher->dispatch().  

   WARN  #30 vendor/laravel/framework/src/Illuminate/View/View.php(176): Illuminate\View\Factory->callComposer().  

   WARN  #31 vendor/laravel/framework/src/Illuminate/View/View.php(147): Illuminate\View\View->renderContents().  

   WARN  #32 vendor/laravel/framework/src/Illuminate/Http/Response.php(69): Illuminate\View\View->render().  

   WARN  #33 vendor/laravel/framework/src/Illuminate/Http/Response.php(35): Illuminate\Http\Response->setContent().  

   WARN  #34 vendor/laravel/framework/src/Illuminate/Routing/ResponseFactory.php(57): Illuminate\Http\Response->__construct().  

   WARN  #35 vendor/laravel/framework/src/Illuminate/Routing/ResponseFactory.php(87): Illuminate\Routing\ResponseFactory->make().  

   WARN  #36 vendor/laravel/framework/src/Illuminate/Foundation/Exceptions/Handler.php(626): Illuminate\Routing\ResponseFactory->view().  

   WARN  #37 vendor/laravel/framework/src/Illuminate/Foundation/Exceptions/Handler.php(554): Illuminate\Foundation\Exceptions\Handler->renderHttpException().  

   WARN  #38 vendor/laravel/framework/src/Illuminate/Foundation/Exceptions/Handler.php(460): Illuminate\Foundation\Exceptions\Handler->prepareResponse().  

   WARN  #39 vendor/laravel/framework/src/Illuminate/Foundation/Exceptions/Handler.php(377): Illuminate\Foundation\Exceptions\Handler->renderExceptionResponse().  

   WARN  #40 app/Exceptions/Handler.php(53): Illuminate\Foundation\Exceptions\Handler->render().  

   WARN  #41 vendor/laravel/framework/src/Illuminate/Foundation/Bootstrap/HandleExceptions.php(235): App\Exceptions\Handler->render().  

   WARN  #42 vendor/laravel/framework/src/Illuminate/Foundation/Bootstrap/HandleExceptions.php(212): Illuminate\Foundation\Bootstrap\HandleExceptions->renderHttpResponse().  

   WARN  #43 vendor/laravel/framework/src/Illuminate/Foundation/Bootstrap/HandleExceptions.php(248): Illuminate\Foundation\Bootstrap\HandleExceptions->handleException().  

   WARN  #44 vendor/laravel/framework/src/Illuminate/Foundation/Bootstrap/HandleExceptions.php(272): Illuminate\Foundation\Bootstrap\HandleExceptions->handleShutdown().  

   WARN  #45 [internal function]: Illuminate\Foundation\Bootstrap\HandleExceptions->{closure:Illuminate\Foundation\Bootstrap\HandleExceptions::forwardsTo():271}().  

   WARN  #46 {main}.  

   WARN  [1698.  

   WARN  Stack trace:  

   WARN  #0 vendor/laravel/framework/src/Illuminate/Database/Connection.php(720): Illuminate\Database\Connection->runQueryCallback().  

   WARN  #1 vendor/laravel/framework/src/Illuminate/Database/Connection.php(405): Illuminate\Database\Connection->run().  

   WARN  #2 vendor/laravel/framework/src/Illuminate/Database/Query/Builder.php(2705): Illuminate\Database\Connection->select().  

   WARN  #3 vendor/laravel/framework/src/Illuminate/Database/Query/Builder.php(2694): Illuminate\Database\Query\Builder->runSelect().  

   WARN  #4 vendor/laravel/framework/src/Illuminate/Database/Query/Builder.php(3230): Illuminate\Database\Query\Builder->{closure:Illuminate\Database\Query\Builder::get():2693}().  

   WARN  #5 vendor/laravel/framework/src/Illuminate/Database/Query/Builder.php(2693): Illuminate\Database\Query\Builder->onceWithColumns().  

   WARN  #6 vendor/laravel/framework/src/Illuminate/Database/Eloquent/Builder.php(710): Illuminate\Database\Query\Builder->get().  

   WARN  #7 vendor/laravel/framework/src/Illuminate/Database/Eloquent/Builder.php(694): Illuminate\Database\Eloquent\Builder->getModels().  

   WARN  #8 app/Http/ViewComposers/Categories.php(18): Illuminate\Database\Eloquent\Builder->get().  

   WARN  #9 [internal function]: App\Http\ViewComposers\Categories->__construct().  

   WARN  #10 vendor/laravel/framework/src/Illuminate/Container/Container.php(929): ReflectionClass->newInstanceArgs().  

   WARN  #11 vendor/laravel/framework/src/Illuminate/Container/Container.php(770): Illuminate\Container\Container->build().  

   WARN  #12 vendor/laravel/framework/src/Illuminate/Foundation/Application.php(881): Illuminate\Container\Container->resolve().  

   WARN  #13 vendor/laravel/framework/src/Illuminate/Container/Container.php(706): Illuminate\Foundation\Application->resolve().  

   WARN  #14 vendor/laravel/framework/src/Illuminate/Foundation/Application.php(866): Illuminate\Container\Container->make().  

   WARN  #15 vendor/laravel/framework/src/Illuminate/View/Concerns/ManagesEvents.php(124): Illuminate\Foundation\Application->make().  

   WARN  #16 vendor/laravel/framework/src/Illuminate/View/Concerns/ManagesEvents.php(162): Illuminate\View\Factory->{closure:Illuminate\View\Concerns\ManagesEvents::buildClassEventCallback():123}().  

   WARN  #17 vendor/laravel/framework/src/Illuminate/Events/Dispatcher.php(418): Illuminate\View\Factory->{closure:Illuminate\View\Concerns\ManagesEvents::addEventListener():161}().  

   WARN  #18 vendor/laravel/framework/src/Illuminate/Events/Dispatcher.php(249): Illuminate\Events\Dispatcher->{closure:Illuminate\Events\Dispatcher::makeListener():416}().  

   WARN  #19 vendor/laravel/framework/src/Illuminate/View/Concerns/ManagesEvents.php(177): Illuminate\Events\Dispatcher->dispatch().  

   WARN  #20 vendor/laravel/framework/src/Illuminate/View/View.php(176): Illuminate\View\Factory->callComposer().  

   WARN  #21 vendor/laravel/framework/src/Illuminate/View/View.php(147): Illuminate\View\View->renderContents().  

   WARN  #22 vendor/laravel/framework/src/Illuminate/Http/Response.php(69): Illuminate\View\View->render().  

   WARN  #23 vendor/laravel/framework/src/Illuminate/Http/Response.php(35): Illuminate\Http\Response->setContent().  

   WARN  #24 vendor/laravel/framework/src/Illuminate/Routing/ResponseFactory.php(57): Illuminate\Http\Response->__construct().  

   WARN  #25 vendor/laravel/framework/src/Illuminate/Routing/ResponseFactory.php(87): Illuminate\Routing\ResponseFactory->make().  

   WARN  #26 vendor/laravel/framework/src/Illuminate/Foundation/Exceptions/Handler.php(626): Illuminate\Routing\ResponseFactory->view().  

   WARN  #27 vendor/laravel/framework/src/Illuminate/Foundation/Exceptions/Handler.php(554): Illuminate\Foundation\Exceptions\Handler->renderHttpException().  

   WARN  #28 vendor/laravel/framework/src/Illuminate/Foundation/Exceptions/Handler.php(460): Illuminate\Foundation\Exceptions\Handler->prepareResponse().  

   WARN  #29 vendor/laravel/framework/src/Illuminate/Foundation/Exceptions/Handler.php(377): Illuminate\Foundation\Exceptions\Handler->renderExceptionResponse().  

   WARN  #30 app/Exceptions/Handler.php(53): Illuminate\Foundation\Exceptions\Handler->render().  

   WARN  #31 vendor/laravel/framework/src/Illuminate/Foundation/Bootstrap/HandleExceptions.php(235): App\Exceptions\Handler->render().  

   WARN  #32 vendor/laravel/framework/src/Illuminate/Foundation/Bootstrap/HandleExceptions.php(212): Illuminate\Foundation\Bootstrap\HandleExceptions->renderHttpResponse().  

   WARN  #33 vendor/laravel/framework/src/Illuminate/Foundation/Bootstrap/HandleExceptions.php(248): Illuminate\Foundation\Bootstrap\HandleExceptions->handleException().  

   WARN  #34 vendor/laravel/framework/src/Illuminate/Foundation/Bootstrap/HandleExceptions.php(272): Illuminate\Foundation\Bootstrap\HandleExceptions->handleShutdown().  

   WARN  #35 [internal function]: Illuminate\Foundation\Bootstrap\HandleExceptions->{closure:Illuminate\Foundation\Bootstrap\HandleExceptions::forwardsTo():271}().  

   WARN  #36 {main}.  

   WARN  thrown in vendor/laravel/framework/src/Illuminate/Database/Connection.php on line 760.  

  2025-09-04 03:48:26 ................................................... ~ 1s
   WARN  PHP Fatal error: Uncaught PDOException: SQLSTATE[HY000.  

   WARN  Stack trace:  

   WARN  #0 vendor/laravel/framework/src/Illuminate/Database/Connectors/Connector.php(70): PDO->__construct().  

   WARN  #1 vendor/laravel/framework/src/Illuminate/Database/Connectors/Connector.php(45): Illuminate\Database\Connectors\Connector->createPdoConnection().  

   WARN  #2 vendor/laravel/framework/src/Illuminate/Database/Connectors/MySqlConnector.php(24): Illuminate\Database\Connectors\Connector->createConnection().  

   WARN  #3 vendor/laravel/framework/src/Illuminate/Database/Connectors/ConnectionFactory.php(184): Illuminate\Database\Connectors\MySqlConnector->connect().  

   WARN  #4 [internal function]: Illuminate\Database\Connectors\ConnectionFactory->{closure:Illuminate\Database\Connectors\ConnectionFactory::createPdoResolverWithHosts():179}().  

   WARN  #5 vendor/laravel/framework/src/Illuminate/Database/Connection.php(1181): call_user_func().  

   WARN  #6 vendor/laravel/framework/src/Illuminate/Database/Connection.php(1217): Illuminate\Database\Connection->getPdo().  

   WARN  #7 vendor/laravel/framework/src/Illuminate/Database/Connection.php(486): Illuminate\Database\Connection->getReadPdo().  

   WARN  #8 vendor/laravel/framework/src/Illuminate/Database/Connection.php(414): Illuminate\Database\Connection->getPdoForSelect().  

   WARN  #9 vendor/laravel/framework/src/Illuminate/Database/Connection.php(753): Illuminate\Database\Connection->{closure:Illuminate\Database\Connection::select():405}().  

   WARN  #10 vendor/laravel/framework/src/Illuminate/Database/Connection.php(720): Illuminate\Database\Connection->runQueryCallback().  

   WARN  #11 vendor/laravel/framework/src/Illuminate/Database/Connection.php(405): Illuminate\Database\Connection->run().  

   WARN  #12 vendor/laravel/framework/src/Illuminate/Database/Query/Builder.php(2705): Illuminate\Database\Connection->select().  

   WARN  #13 vendor/laravel/framework/src/Illuminate/Database/Query/Builder.php(2694): Illuminate\Database\Query\Builder->runSelect().  

   WARN  #14 vendor/laravel/framework/src/Illuminate/Database/Query/Builder.php(3230): Illuminate\Database\Query\Builder->{closure:Illuminate\Database\Query\Builder::get():2693}().  

   WARN  #15 vendor/laravel/framework/src/Illuminate/Database/Query/Builder.php(2693): Illuminate\Database\Query\Builder->onceWithColumns().  

   WARN  #16 vendor/laravel/framework/src/Illuminate/Database/Eloquent/Builder.php(710): Illuminate\Database\Query\Builder->get().  

   WARN  #17 vendor/laravel/framework/src/Illuminate/Database/Eloquent/Builder.php(694): Illuminate\Database\Eloquent\Builder->getModels().  

   WARN  #18 app/Http/ViewComposers/Categories.php(18): Illuminate\Database\Eloquent\Builder->get().  

   WARN  #19 [internal function]: App\Http\ViewComposers\Categories->__construct().  

   WARN  #20 vendor/laravel/framework/src/Illuminate/Container/Container.php(929): ReflectionClass->newInstanceArgs().  

   WARN  #21 vendor/laravel/framework/src/Illuminate/Container/Container.php(770): Illuminate\Container\Container->build().  

   WARN  #22 vendor/laravel/framework/src/Illuminate/Foundation/Application.php(881): Illuminate\Container\Container->resolve().  

   WARN  #23 vendor/laravel/framework/src/Illuminate/Container/Container.php(706): Illuminate\Foundation\Application->resolve().  

   WARN  #24 vendor/laravel/framework/src/Illuminate/Foundation/Application.php(866): Illuminate\Container\Container->make().  

   WARN  #25 vendor/laravel/framework/src/Illuminate/View/Concerns/ManagesEvents.php(124): Illuminate\Foundation\Application->make().  

   WARN  #26 vendor/laravel/framework/src/Illuminate/View/Concerns/ManagesEvents.php(162): Illuminate\View\Factory->{closure:Illuminate\View\Concerns\ManagesEvents::buildClassEventCallback():123}().  

   WARN  #27 vendor/laravel/framework/src/Illuminate/Events/Dispatcher.php(418): Illuminate\View\Factory->{closure:Illuminate\View\Concerns\ManagesEvents::addEventListener():161}().  

   WARN  #28 vendor/laravel/framework/src/Illuminate/Events/Dispatcher.php(249): Illuminate\Events\Dispatcher->{closure:Illuminate\Events\Dispatcher::makeListener():416}().  

   WARN  #29 vendor/laravel/framework/src/Illuminate/View/Concerns/ManagesEvents.php(177): Illuminate\Events\Dispatcher->dispatch().  

   WARN  #30 vendor/laravel/framework/src/Illuminate/View/View.php(176): Illuminate\View\Factory->callComposer().  

   WARN  #31 vendor/laravel/framework/src/Illuminate/View/View.php(147): Illuminate\View\View->renderContents().  

   WARN  #32 vendor/laravel/framework/src/Illuminate/Http/Response.php(69): Illuminate\View\View->render().  

   WARN  #33 vendor/laravel/framework/src/Illuminate/Http/Response.php(35): Illuminate\Http\Response->setContent().  

   WARN  #34 vendor/laravel/framework/src/Illuminate/Routing/ResponseFactory.php(57): Illuminate\Http\Response->__construct().  

   WARN  #35 vendor/laravel/framework/src/Illuminate/Routing/ResponseFactory.php(87): Illuminate\Routing\ResponseFactory->make().  

   WARN  #36 vendor/laravel/framework/src/Illuminate/Foundation/Exceptions/Handler.php(626): Illuminate\Routing\ResponseFactory->view().  

   WARN  #37 vendor/laravel/framework/src/Illuminate/Foundation/Exceptions/Handler.php(554): Illuminate\Foundation\Exceptions\Handler->renderHttpException().  

   WARN  #38 vendor/laravel/framework/src/Illuminate/Foundation/Exceptions/Handler.php(460): Illuminate\Foundation\Exceptions\Handler->prepareResponse().  

   WARN  #39 vendor/laravel/framework/src/Illuminate/Foundation/Exceptions/Handler.php(377): Illuminate\Foundation\Exceptions\Handler->renderExceptionResponse().  

   WARN  #40 app/Exceptions/Handler.php(53): Illuminate\Foundation\Exceptions\Handler->render().  

   WARN  #41 vendor/laravel/framework/src/Illuminate/Foundation/Bootstrap/HandleExceptions.php(235): App\Exceptions\Handler->render().  

   WARN  #42 vendor/laravel/framework/src/Illuminate/Foundation/Bootstrap/HandleExceptions.php(212): Illuminate\Foundation\Bootstrap\HandleExceptions->renderHttpResponse().  

   WARN  #43 vendor/laravel/framework/src/Illuminate/Foundation/Bootstrap/HandleExceptions.php(272): Illuminate\Foundation\Bootstrap\HandleExceptions->handleException().  

   WARN  #44 [internal function]: Illuminate\Foundation\Bootstrap\HandleExceptions->{closure:Illuminate\Foundation\Bootstrap\HandleExceptions::forwardsTo():271}().  

   WARN  #45 {main}.  

   WARN  [1698.  

   WARN  Stack trace:  

   WARN  #0 vendor/laravel/framework/src/Illuminate/Database/Connection.php(720): Illuminate\Database\Connection->runQueryCallback().  

   WARN  #1 vendor/laravel/framework/src/Illuminate/Database/Connection.php(405): Illuminate\Database\Connection->run().  

   WARN  #2 vendor/laravel/framework/src/Illuminate/Database/Query/Builder.php(2705): Illuminate\Database\Connection->select().  

   WARN  #3 vendor/laravel/framework/src/Illuminate/Database/Query/Builder.php(2694): Illuminate\Database\Query\Builder->runSelect().  

   WARN  #4 vendor/laravel/framework/src/Illuminate/Database/Query/Builder.php(3230): Illuminate\Database\Query\Builder->{closure:Illuminate\Database\Query\Builder::get():2693}().  

   WARN  #5 vendor/laravel/framework/src/Illuminate/Database/Query/Builder.php(2693): Illuminate\Database\Query\Builder->onceWithColumns().  

   WARN  #6 vendor/laravel/framework/src/Illuminate/Database/Eloquent/Builder.php(710): Illuminate\Database\Query\Builder->get().  

   WARN  #7 vendor/laravel/framework/src/Illuminate/Database/Eloquent/Builder.php(694): Illuminate\Database\Eloquent\Builder->getModels().  

   WARN  #8 app/Http/ViewComposers/Categories.php(18): Illuminate\Database\Eloquent\Builder->get().  

   WARN  #9 [internal function]: App\Http\ViewComposers\Categories->__construct().  

   WARN  #10 vendor/laravel/framework/src/Illuminate/Container/Container.php(929): ReflectionClass->newInstanceArgs().  

   WARN  #11 vendor/laravel/framework/src/Illuminate/Container/Container.php(770): Illuminate\Container\Container->build().  

   WARN  #12 vendor/laravel/framework/src/Illuminate/Foundation/Application.php(881): Illuminate\Container\Container->resolve().  

   WARN  #13 vendor/laravel/framework/src/Illuminate/Container/Container.php(706): Illuminate\Foundation\Application->resolve().  

   WARN  #14 vendor/laravel/framework/src/Illuminate/Foundation/Application.php(866): Illuminate\Container\Container->make().  

   WARN  #15 vendor/laravel/framework/src/Illuminate/View/Concerns/ManagesEvents.php(124): Illuminate\Foundation\Application->make().  

   WARN  #16 vendor/laravel/framework/src/Illuminate/View/Concerns/ManagesEvents.php(162): Illuminate\View\Factory->{closure:Illuminate\View\Concerns\ManagesEvents::buildClassEventCallback():123}().  

   WARN  #17 vendor/laravel/framework/src/Illuminate/Events/Dispatcher.php(418): Illuminate\View\Factory->{closure:Illuminate\View\Concerns\ManagesEvents::addEventListener():161}().  

   WARN  #18 vendor/laravel/framework/src/Illuminate/Events/Dispatcher.php(249): Illuminate\Events\Dispatcher->{closure:Illuminate\Events\Dispatcher::makeListener():416}().  

   WARN  #19 vendor/laravel/framework/src/Illuminate/View/Concerns/ManagesEvents.php(177): Illuminate\Events\Dispatcher->dispatch().  

   WARN  #20 vendor/laravel/framework/src/Illuminate/View/View.php(176): Illuminate\View\Factory->callComposer().  

   WARN  #21 vendor/laravel/framework/src/Illuminate/View/View.php(147): Illuminate\View\View->renderContents().  

   WARN  #22 vendor/laravel/framework/src/Illuminate/Http/Response.php(69): Illuminate\View\View->render().  

   WARN  #23 vendor/laravel/framework/src/Illuminate/Http/Response.php(35): Illuminate\Http\Response->setContent().  

   WARN  #24 vendor/laravel/framework/src/Illuminate/Routing/ResponseFactory.php(57): Illuminate\Http\Response->__construct().  

   WARN  #25 vendor/laravel/framework/src/Illuminate/Routing/ResponseFactory.php(87): Illuminate\Routing\ResponseFactory->make().  

   WARN  #26 vendor/laravel/framework/src/Illuminate/Foundation/Exceptions/Handler.php(626): Illuminate\Routing\ResponseFactory->view().  

   WARN  #27 vendor/laravel/framework/src/Illuminate/Foundation/Exceptions/Handler.php(554): Illuminate\Foundation\Exceptions\Handler->renderHttpException().  

   WARN  #28 vendor/laravel/framework/src/Illuminate/Foundation/Exceptions/Handler.php(460): Illuminate\Foundation\Exceptions\Handler->prepareResponse().  

   WARN  #29 vendor/laravel/framework/src/Illuminate/Foundation/Exceptions/Handler.php(377): Illuminate\Foundation\Exceptions\Handler->renderExceptionResponse().  

   WARN  #30 app/Exceptions/Handler.php(53): Illuminate\Foundation\Exceptions\Handler->render().  

   WARN  #31 vendor/laravel/framework/src/Illuminate/Foundation/Bootstrap/HandleExceptions.php(235): App\Exceptions\Handler->render().  

   WARN  #32 vendor/laravel/framework/src/Illuminate/Foundation/Bootstrap/HandleExceptions.php(212): Illuminate\Foundation\Bootstrap\HandleExceptions->renderHttpResponse().  

   WARN  #33 vendor/laravel/framework/src/Illuminate/Foundation/Bootstrap/HandleExceptions.php(272): Illuminate\Foundation\Bootstrap\HandleExceptions->handleException().  

   WARN  #34 [internal function]: Illuminate\Foundation\Bootstrap\HandleExceptions->{closure:Illuminate\Foundation\Bootstrap\HandleExceptions::forwardsTo():271}().  

   WARN  #35 {main}.  

   WARN  thrown in vendor/laravel/framework/src/Illuminate/Database/Connection.php on line 760.  

   WARN  PHP Fatal error: Uncaught PDOException: SQLSTATE[HY000.  

   WARN  Stack trace:  

   WARN  #0 vendor/laravel/framework/src/Illuminate/Database/Connectors/Connector.php(70): PDO->__construct().  

   WARN  #1 vendor/laravel/framework/src/Illuminate/Database/Connectors/Connector.php(45): Illuminate\Database\Connectors\Connector->createPdoConnection().  

   WARN  #2 vendor/laravel/framework/src/Illuminate/Database/Connectors/MySqlConnector.php(24): Illuminate\Database\Connectors\Connector->createConnection().  

   WARN  #3 vendor/laravel/framework/src/Illuminate/Database/Connectors/ConnectionFactory.php(184): Illuminate\Database\Connectors\MySqlConnector->connect().  

   WARN  #4 [internal function]: Illuminate\Database\Connectors\ConnectionFactory->{closure:Illuminate\Database\Connectors\ConnectionFactory::createPdoResolverWithHosts():179}().  

   WARN  #5 vendor/laravel/framework/src/Illuminate/Database/Connection.php(1181): call_user_func().  

   WARN  #6 vendor/laravel/framework/src/Illuminate/Database/Connection.php(1217): Illuminate\Database\Connection->getPdo().  

   WARN  #7 vendor/laravel/framework/src/Illuminate/Database/Connection.php(486): Illuminate\Database\Connection->getReadPdo().  

   WARN  #8 vendor/laravel/framework/src/Illuminate/Database/Connection.php(414): Illuminate\Database\Connection->getPdoForSelect().  

   WARN  #9 vendor/laravel/framework/src/Illuminate/Database/Connection.php(753): Illuminate\Database\Connection->{closure:Illuminate\Database\Connection::select():405}().  

   WARN  #10 vendor/laravel/framework/src/Illuminate/Database/Connection.php(720): Illuminate\Database\Connection->runQueryCallback().  

   WARN  #11 vendor/laravel/framework/src/Illuminate/Database/Connection.php(405): Illuminate\Database\Connection->run().  

   WARN  #12 vendor/laravel/framework/src/Illuminate/Database/Query/Builder.php(2705): Illuminate\Database\Connection->select().  

   WARN  #13 vendor/laravel/framework/src/Illuminate/Database/Query/Builder.php(2694): Illuminate\Database\Query\Builder->runSelect().  

   WARN  #14 vendor/laravel/framework/src/Illuminate/Database/Query/Builder.php(3230): Illuminate\Database\Query\Builder->{closure:Illuminate\Database\Query\Builder::get():2693}().  

   WARN  #15 vendor/laravel/framework/src/Illuminate/Database/Query/Builder.php(2693): Illuminate\Database\Query\Builder->onceWithColumns().  

   WARN  #16 vendor/laravel/framework/src/Illuminate/Database/Eloquent/Builder.php(710): Illuminate\Database\Query\Builder->get().  

   WARN  #17 vendor/laravel/framework/src/Illuminate/Database/Eloquent/Builder.php(694): Illuminate\Database\Eloquent\Builder->getModels().  

   WARN  #18 app/Http/ViewComposers/Categories.php(18): Illuminate\Database\Eloquent\Builder->get().  

   WARN  #19 [internal function]: App\Http\ViewComposers\Categories->__construct().  

   WARN  #20 vendor/laravel/framework/src/Illuminate/Container/Container.php(929): ReflectionClass->newInstanceArgs().  

   WARN  #21 vendor/laravel/framework/src/Illuminate/Container/Container.php(770): Illuminate\Container\Container->build().  

   WARN  #22 vendor/laravel/framework/src/Illuminate/Foundation/Application.php(881): Illuminate\Container\Container->resolve().  

   WARN  #23 vendor/laravel/framework/src/Illuminate/Container/Container.php(706): Illuminate\Foundation\Application->resolve().  

   WARN  #24 vendor/laravel/framework/src/Illuminate/Foundation/Application.php(866): Illuminate\Container\Container->make().  

   WARN  #25 vendor/laravel/framework/src/Illuminate/View/Concerns/ManagesEvents.php(124): Illuminate\Foundation\Application->make().  

   WARN  #26 vendor/laravel/framework/src/Illuminate/View/Concerns/ManagesEvents.php(162): Illuminate\View\Factory->{closure:Illuminate\View\Concerns\ManagesEvents::buildClassEventCallback():123}().  

   WARN  #27 vendor/laravel/framework/src/Illuminate/Events/Dispatcher.php(418): Illuminate\View\Factory->{closure:Illuminate\View\Concerns\ManagesEvents::addEventListener():161}().  

   WARN  #28 vendor/laravel/framework/src/Illuminate/Events/Dispatcher.php(249): Illuminate\Events\Dispatcher->{closure:Illuminate\Events\Dispatcher::makeListener():416}().  

   WARN  #29 vendor/laravel/framework/src/Illuminate/View/Concerns/ManagesEvents.php(177): Illuminate\Events\Dispatcher->dispatch().  

   WARN  #30 vendor/laravel/framework/src/Illuminate/View/View.php(176): Illuminate\View\Factory->callComposer().  

   WARN  #31 vendor/laravel/framework/src/Illuminate/View/View.php(147): Illuminate\View\View->renderContents().  

   WARN  #32 vendor/laravel/framework/src/Illuminate/Http/Response.php(69): Illuminate\View\View->render().  

   WARN  #33 vendor/laravel/framework/src/Illuminate/Http/Response.php(35): Illuminate\Http\Response->setContent().  

   WARN  #34 vendor/laravel/framework/src/Illuminate/Routing/ResponseFactory.php(57): Illuminate\Http\Response->__construct().  

   WARN  #35 vendor/laravel/framework/src/Illuminate/Routing/ResponseFactory.php(87): Illuminate\Routing\ResponseFactory->make().  

   WARN  #36 vendor/laravel/framework/src/Illuminate/Foundation/Exceptions/Handler.php(626): Illuminate\Routing\ResponseFactory->view().  

   WARN  #37 vendor/laravel/framework/src/Illuminate/Foundation/Exceptions/Handler.php(554): Illuminate\Foundation\Exceptions\Handler->renderHttpException().  

   WARN  #38 vendor/laravel/framework/src/Illuminate/Foundation/Exceptions/Handler.php(460): Illuminate\Foundation\Exceptions\Handler->prepareResponse().  

   WARN  #39 vendor/laravel/framework/src/Illuminate/Foundation/Exceptions/Handler.php(377): Illuminate\Foundation\Exceptions\Handler->renderExceptionResponse().  

   WARN  #40 app/Exceptions/Handler.php(53): Illuminate\Foundation\Exceptions\Handler->render().  

   WARN  #41 vendor/laravel/framework/src/Illuminate/Foundation/Bootstrap/HandleExceptions.php(235): App\Exceptions\Handler->render().  

   WARN  #42 vendor/laravel/framework/src/Illuminate/Foundation/Bootstrap/HandleExceptions.php(212): Illuminate\Foundation\Bootstrap\HandleExceptions->renderHttpResponse().  

   WARN  #43 vendor/laravel/framework/src/Illuminate/Foundation/Bootstrap/HandleExceptions.php(248): Illuminate\Foundation\Bootstrap\HandleExceptions->handleException().  

   WARN  #44 vendor/laravel/framework/src/Illuminate/Foundation/Bootstrap/HandleExceptions.php(272): Illuminate\Foundation\Bootstrap\HandleExceptions->handleShutdown().  

   WARN  #45 [internal function]: Illuminate\Foundation\Bootstrap\HandleExceptions->{closure:Illuminate\Foundation\Bootstrap\HandleExceptions::forwardsTo():271}().  

   WARN  #46 {main}.  

   WARN  [1698.  

   WARN  Stack trace:  

   WARN  #0 vendor/laravel/framework/src/Illuminate/Database/Connection.php(720): Illuminate\Database\Connection->runQueryCallback().  

   WARN  #1 vendor/laravel/framework/src/Illuminate/Database/Connection.php(405): Illuminate\Database\Connection->run().  

   WARN  #2 vendor/laravel/framework/src/Illuminate/Database/Query/Builder.php(2705): Illuminate\Database\Connection->select().  

   WARN  #3 vendor/laravel/framework/src/Illuminate/Database/Query/Builder.php(2694): Illuminate\Database\Query\Builder->runSelect().  

   WARN  #4 vendor/laravel/framework/src/Illuminate/Database/Query/Builder.php(3230): Illuminate\Database\Query\Builder->{closure:Illuminate\Database\Query\Builder::get():2693}().  

   WARN  #5 vendor/laravel/framework/src/Illuminate/Database/Query/Builder.php(2693): Illuminate\Database\Query\Builder->onceWithColumns().  

   WARN  #6 vendor/laravel/framework/src/Illuminate/Database/Eloquent/Builder.php(710): Illuminate\Database\Query\Builder->get().  

   WARN  #7 vendor/laravel/framework/src/Illuminate/Database/Eloquent/Builder.php(694): Illuminate\Database\Eloquent\Builder->getModels().  

   WARN  #8 app/Http/ViewComposers/Categories.php(18): Illuminate\Database\Eloquent\Builder->get().  

   WARN  #9 [internal function]: App\Http\ViewComposers\Categories->__construct().  

   WARN  #10 vendor/laravel/framework/src/Illuminate/Container/Container.php(929): ReflectionClass->newInstanceArgs().  

   WARN  #11 vendor/laravel/framework/src/Illuminate/Container/Container.php(770): Illuminate\Container\Container->build().  

   WARN  #12 vendor/laravel/framework/src/Illuminate/Foundation/Application.php(881): Illuminate\Container\Container->resolve().  

   WARN  #13 vendor/laravel/framework/src/Illuminate/Container/Container.php(706): Illuminate\Foundation\Application->resolve().  

   WARN  #14 vendor/laravel/framework/src/Illuminate/Foundation/Application.php(866): Illuminate\Container\Container->make().  

   WARN  #15 vendor/laravel/framework/src/Illuminate/View/Concerns/ManagesEvents.php(124): Illuminate\Foundation\Application->make().  

   WARN  #16 vendor/laravel/framework/src/Illuminate/View/Concerns/ManagesEvents.php(162): Illuminate\View\Factory->{closure:Illuminate\View\Concerns\ManagesEvents::buildClassEventCallback():123}().  

   WARN  #17 vendor/laravel/framework/src/Illuminate/Events/Dispatcher.php(418): Illuminate\View\Factory->{closure:Illuminate\View\Concerns\ManagesEvents::addEventListener():161}().  

   WARN  #18 vendor/laravel/framework/src/Illuminate/Events/Dispatcher.php(249): Illuminate\Events\Dispatcher->{closure:Illuminate\Events\Dispatcher::makeListener():416}().  

   WARN  #19 vendor/laravel/framework/src/Illuminate/View/Concerns/ManagesEvents.php(177): Illuminate\Events\Dispatcher->dispatch().  

   WARN  #20 vendor/laravel/framework/src/Illuminate/View/View.php(176): Illuminate\View\Factory->callComposer().  

   WARN  #21 vendor/laravel/framework/src/Illuminate/View/View.php(147): Illuminate\View\View->renderContents().  

   WARN  #22 vendor/laravel/framework/src/Illuminate/Http/Response.php(69): Illuminate\View\View->render().  

   WARN  #23 vendor/laravel/framework/src/Illuminate/Http/Response.php(35): Illuminate\Http\Response->setContent().  

   WARN  #24 vendor/laravel/framework/src/Illuminate/Routing/ResponseFactory.php(57): Illuminate\Http\Response->__construct().  

   WARN  #25 vendor/laravel/framework/src/Illuminate/Routing/ResponseFactory.php(87): Illuminate\Routing\ResponseFactory->make().  

   WARN  #26 vendor/laravel/framework/src/Illuminate/Foundation/Exceptions/Handler.php(626): Illuminate\Routing\ResponseFactory->view().  

   WARN  #27 vendor/laravel/framework/src/Illuminate/Foundation/Exceptions/Handler.php(554): Illuminate\Foundation\Exceptions\Handler->renderHttpException().  

   WARN  #28 vendor/laravel/framework/src/Illuminate/Foundation/Exceptions/Handler.php(460): Illuminate\Foundation\Exceptions\Handler->prepareResponse().  

   WARN  #29 vendor/laravel/framework/src/Illuminate/Foundation/Exceptions/Handler.php(377): Illuminate\Foundation\Exceptions\Handler->renderExceptionResponse().  

   WARN  #30 app/Exceptions/Handler.php(53): Illuminate\Foundation\Exceptions\Handler->render().  

   WARN  #31 vendor/laravel/framework/src/Illuminate/Foundation/Bootstrap/HandleExceptions.php(235): App\Exceptions\Handler->render().  

   WARN  #32 vendor/laravel/framework/src/Illuminate/Foundation/Bootstrap/HandleExceptions.php(212): Illuminate\Foundation\Bootstrap\HandleExceptions->renderHttpResponse().  

   WARN  #33 vendor/laravel/framework/src/Illuminate/Foundation/Bootstrap/HandleExceptions.php(248): Illuminate\Foundation\Bootstrap\HandleExceptions->handleException().  

   WARN  #34 vendor/laravel/framework/src/Illuminate/Foundation/Bootstrap/HandleExceptions.php(272): Illuminate\Foundation\Bootstrap\HandleExceptions->handleShutdown().  

   WARN  #35 [internal function]: Illuminate\Foundation\Bootstrap\HandleExceptions->{closure:Illuminate\Foundation\Bootstrap\HandleExceptions::forwardsTo():271}().  

   WARN  #36 {main}.  

   WARN  thrown in vendor/laravel/framework/src/Illuminate/Database/Connection.php on line 760.  

  2025-09-04 03:48:48 ................................................... ~ 0s
   WARN  PHP Fatal error: Uncaught PDOException: SQLSTATE[HY000.  

   WARN  Stack trace:  

   WARN  #0 vendor/laravel/framework/src/Illuminate/Database/Connectors/Connector.php(70): PDO->__construct().  

   WARN  #1 vendor/laravel/framework/src/Illuminate/Database/Connectors/Connector.php(45): Illuminate\Database\Connectors\Connector->createPdoConnection().  

   WARN  #2 vendor/laravel/framework/src/Illuminate/Database/Connectors/MySqlConnector.php(24): Illuminate\Database\Connectors\Connector->createConnection().  

   WARN  #3 vendor/laravel/framework/src/Illuminate/Database/Connectors/ConnectionFactory.php(184): Illuminate\Database\Connectors\MySqlConnector->connect().  

   WARN  #4 [internal function]: Illuminate\Database\Connectors\ConnectionFactory->{closure:Illuminate\Database\Connectors\ConnectionFactory::createPdoResolverWithHosts():179}().  

   WARN  #5 vendor/laravel/framework/src/Illuminate/Database/Connection.php(1181): call_user_func().  

   WARN  #6 vendor/laravel/framework/src/Illuminate/Database/Connection.php(1217): Illuminate\Database\Connection->getPdo().  

   WARN  #7 vendor/laravel/framework/src/Illuminate/Database/Connection.php(486): Illuminate\Database\Connection->getReadPdo().  

   WARN  #8 vendor/laravel/framework/src/Illuminate/Database/Connection.php(414): Illuminate\Database\Connection->getPdoForSelect().  

   WARN  #9 vendor/laravel/framework/src/Illuminate/Database/Connection.php(753): Illuminate\Database\Connection->{closure:Illuminate\Database\Connection::select():405}().  

   WARN  #10 vendor/laravel/framework/src/Illuminate/Database/Connection.php(720): Illuminate\Database\Connection->runQueryCallback().  

   WARN  #11 vendor/laravel/framework/src/Illuminate/Database/Connection.php(405): Illuminate\Database\Connection->run().  

   WARN  #12 vendor/laravel/framework/src/Illuminate/Database/Query/Builder.php(2705): Illuminate\Database\Connection->select().  

   WARN  #13 vendor/laravel/framework/src/Illuminate/Database/Query/Builder.php(2694): Illuminate\Database\Query\Builder->runSelect().  

   WARN  #14 vendor/laravel/framework/src/Illuminate/Database/Query/Builder.php(3230): Illuminate\Database\Query\Builder->{closure:Illuminate\Database\Query\Builder::get():2693}().  

   WARN  #15 vendor/laravel/framework/src/Illuminate/Database/Query/Builder.php(2693): Illuminate\Database\Query\Builder->onceWithColumns().  

   WARN  #16 vendor/laravel/framework/src/Illuminate/Database/Eloquent/Builder.php(710): Illuminate\Database\Query\Builder->get().  

   WARN  #17 vendor/laravel/framework/src/Illuminate/Database/Eloquent/Builder.php(694): Illuminate\Database\Eloquent\Builder->getModels().  

   WARN  #18 app/Http/ViewComposers/Categories.php(18): Illuminate\Database\Eloquent\Builder->get().  

   WARN  #19 [internal function]: App\Http\ViewComposers\Categories->__construct().  

   WARN  #20 vendor/laravel/framework/src/Illuminate/Container/Container.php(929): ReflectionClass->newInstanceArgs().  

   WARN  #21 vendor/laravel/framework/src/Illuminate/Container/Container.php(770): Illuminate\Container\Container->build().  

   WARN  #22 vendor/laravel/framework/src/Illuminate/Foundation/Application.php(881): Illuminate\Container\Container->resolve().  

   WARN  #23 vendor/laravel/framework/src/Illuminate/Container/Container.php(706): Illuminate\Foundation\Application->resolve().  

   WARN  #24 vendor/laravel/framework/src/Illuminate/Foundation/Application.php(866): Illuminate\Container\Container->make().  

   WARN  #25 vendor/laravel/framework/src/Illuminate/View/Concerns/ManagesEvents.php(124): Illuminate\Foundation\Application->make().  

   WARN  #26 vendor/laravel/framework/src/Illuminate/View/Concerns/ManagesEvents.php(162): Illuminate\View\Factory->{closure:Illuminate\View\Concerns\ManagesEvents::buildClassEventCallback():123}().  

   WARN  #27 vendor/laravel/framework/src/Illuminate/Events/Dispatcher.php(418): Illuminate\View\Factory->{closure:Illuminate\View\Concerns\ManagesEvents::addEventListener():161}().  

   WARN  #28 vendor/laravel/framework/src/Illuminate/Events/Dispatcher.php(249): Illuminate\Events\Dispatcher->{closure:Illuminate\Events\Dispatcher::makeListener():416}().  

   WARN  #29 vendor/laravel/framework/src/Illuminate/View/Concerns/ManagesEvents.php(177): Illuminate\Events\Dispatcher->dispatch().  

   WARN  #30 vendor/laravel/framework/src/Illuminate/View/View.php(176): Illuminate\View\Factory->callComposer().  

   WARN  #31 vendor/laravel/framework/src/Illuminate/View/View.php(147): Illuminate\View\View->renderContents().  

   WARN  #32 vendor/laravel/framework/src/Illuminate/Http/Response.php(69): Illuminate\View\View->render().  

   WARN  #33 vendor/laravel/framework/src/Illuminate/Http/Response.php(35): Illuminate\Http\Response->setContent().  

   WARN  #34 vendor/laravel/framework/src/Illuminate/Routing/ResponseFactory.php(57): Illuminate\Http\Response->__construct().  

   WARN  #35 vendor/laravel/framework/src/Illuminate/Routing/ResponseFactory.php(87): Illuminate\Routing\ResponseFactory->make().  

   WARN  #36 vendor/laravel/framework/src/Illuminate/Foundation/Exceptions/Handler.php(626): Illuminate\Routing\ResponseFactory->view().  

   WARN  #37 vendor/laravel/framework/src/Illuminate/Foundation/Exceptions/Handler.php(554): Illuminate\Foundation\Exceptions\Handler->renderHttpException().  

   WARN  #38 vendor/laravel/framework/src/Illuminate/Foundation/Exceptions/Handler.php(460): Illuminate\Foundation\Exceptions\Handler->prepareResponse().  

   WARN  #39 vendor/laravel/framework/src/Illuminate/Foundation/Exceptions/Handler.php(377): Illuminate\Foundation\Exceptions\Handler->renderExceptionResponse().  

   WARN  #40 app/Exceptions/Handler.php(53): Illuminate\Foundation\Exceptions\Handler->render().  

   WARN  #41 vendor/laravel/framework/src/Illuminate/Foundation/Bootstrap/HandleExceptions.php(235): App\Exceptions\Handler->render().  

   WARN  #42 vendor/laravel/framework/src/Illuminate/Foundation/Bootstrap/HandleExceptions.php(212): Illuminate\Foundation\Bootstrap\HandleExceptions->renderHttpResponse().  

   WARN  #43 vendor/laravel/framework/src/Illuminate/Foundation/Bootstrap/HandleExceptions.php(272): Illuminate\Foundation\Bootstrap\HandleExceptions->handleException().  

   WARN  #44 [internal function]: Illuminate\Foundation\Bootstrap\HandleExceptions->{closure:Illuminate\Foundation\Bootstrap\HandleExceptions::forwardsTo():271}().  

   WARN  #45 {main}.  

   WARN  [1698.  

   WARN  Stack trace:  

   WARN  #0 vendor/laravel/framework/src/Illuminate/Database/Connection.php(720): Illuminate\Database\Connection->runQueryCallback().  

   WARN  #1 vendor/laravel/framework/src/Illuminate/Database/Connection.php(405): Illuminate\Database\Connection->run().  

   WARN  #2 vendor/laravel/framework/src/Illuminate/Database/Query/Builder.php(2705): Illuminate\Database\Connection->select().  

   WARN  #3 vendor/laravel/framework/src/Illuminate/Database/Query/Builder.php(2694): Illuminate\Database\Query\Builder->runSelect().  

   WARN  #4 vendor/laravel/framework/src/Illuminate/Database/Query/Builder.php(3230): Illuminate\Database\Query\Builder->{closure:Illuminate\Database\Query\Builder::get():2693}().  

   WARN  #5 vendor/laravel/framework/src/Illuminate/Database/Query/Builder.php(2693): Illuminate\Database\Query\Builder->onceWithColumns().  

   WARN  #6 vendor/laravel/framework/src/Illuminate/Database/Eloquent/Builder.php(710): Illuminate\Database\Query\Builder->get().  

   WARN  #7 vendor/laravel/framework/src/Illuminate/Database/Eloquent/Builder.php(694): Illuminate\Database\Eloquent\Builder->getModels().  

   WARN  #8 app/Http/ViewComposers/Categories.php(18): Illuminate\Database\Eloquent\Builder->get().  

   WARN  #9 [internal function]: App\Http\ViewComposers\Categories->__construct().  

   WARN  #10 vendor/laravel/framework/src/Illuminate/Container/Container.php(929): ReflectionClass->newInstanceArgs().  

   WARN  #11 vendor/laravel/framework/src/Illuminate/Container/Container.php(770): Illuminate\Container\Container->build().  

   WARN  #12 vendor/laravel/framework/src/Illuminate/Foundation/Application.php(881): Illuminate\Container\Container->resolve().  

   WARN  #13 vendor/laravel/framework/src/Illuminate/Container/Container.php(706): Illuminate\Foundation\Application->resolve().  

   WARN  #14 vendor/laravel/framework/src/Illuminate/Foundation/Application.php(866): Illuminate\Container\Container->make().  

   WARN  #15 vendor/laravel/framework/src/Illuminate/View/Concerns/ManagesEvents.php(124): Illuminate\Foundation\Application->make().  

   WARN  #16 vendor/laravel/framework/src/Illuminate/View/Concerns/ManagesEvents.php(162): Illuminate\View\Factory->{closure:Illuminate\View\Concerns\ManagesEvents::buildClassEventCallback():123}().  

   WARN  #17 vendor/laravel/framework/src/Illuminate/Events/Dispatcher.php(418): Illuminate\View\Factory->{closure:Illuminate\View\Concerns\ManagesEvents::addEventListener():161}().  

   WARN  #18 vendor/laravel/framework/src/Illuminate/Events/Dispatcher.php(249): Illuminate\Events\Dispatcher->{closure:Illuminate\Events\Dispatcher::makeListener():416}().  

   WARN  #19 vendor/laravel/framework/src/Illuminate/View/Concerns/ManagesEvents.php(177): Illuminate\Events\Dispatcher->dispatch().  

   WARN  #20 vendor/laravel/framework/src/Illuminate/View/View.php(176): Illuminate\View\Factory->callComposer().  

   WARN  #21 vendor/laravel/framework/src/Illuminate/View/View.php(147): Illuminate\View\View->renderContents().  

   WARN  #22 vendor/laravel/framework/src/Illuminate/Http/Response.php(69): Illuminate\View\View->render().  

   WARN  #23 vendor/laravel/framework/src/Illuminate/Http/Response.php(35): Illuminate\Http\Response->setContent().  

   WARN  #24 vendor/laravel/framework/src/Illuminate/Routing/ResponseFactory.php(57): Illuminate\Http\Response->__construct().  

   WARN  #25 vendor/laravel/framework/src/Illuminate/Routing/ResponseFactory.php(87): Illuminate\Routing\ResponseFactory->make().  

   WARN  #26 vendor/laravel/framework/src/Illuminate/Foundation/Exceptions/Handler.php(626): Illuminate\Routing\ResponseFactory->view().  

   WARN  #27 vendor/laravel/framework/src/Illuminate/Foundation/Exceptions/Handler.php(554): Illuminate\Foundation\Exceptions\Handler->renderHttpException().  

   WARN  #28 vendor/laravel/framework/src/Illuminate/Foundation/Exceptions/Handler.php(460): Illuminate\Foundation\Exceptions\Handler->prepareResponse().  

   WARN  #29 vendor/laravel/framework/src/Illuminate/Foundation/Exceptions/Handler.php(377): Illuminate\Foundation\Exceptions\Handler->renderExceptionResponse().  

   WARN  #30 app/Exceptions/Handler.php(53): Illuminate\Foundation\Exceptions\Handler->render().  

   WARN  #31 vendor/laravel/framework/src/Illuminate/Foundation/Bootstrap/HandleExceptions.php(235): App\Exceptions\Handler->render().  

   WARN  #32 vendor/laravel/framework/src/Illuminate/Foundation/Bootstrap/HandleExceptions.php(212): Illuminate\Foundation\Bootstrap\HandleExceptions->renderHttpResponse().  

   WARN  #33 vendor/laravel/framework/src/Illuminate/Foundation/Bootstrap/HandleExceptions.php(272): Illuminate\Foundation\Bootstrap\HandleExceptions->handleException().  

   WARN  #34 [internal function]: Illuminate\Foundation\Bootstrap\HandleExceptions->{closure:Illuminate\Foundation\Bootstrap\HandleExceptions::forwardsTo():271}().  

   WARN  #35 {main}.  

   WARN  thrown in vendor/laravel/framework/src/Illuminate/Database/Connection.php on line 760.  

   WARN  PHP Fatal error: Uncaught PDOException: SQLSTATE[HY000.  

   WARN  Stack trace:  

   WARN  #0 vendor/laravel/framework/src/Illuminate/Database/Connectors/Connector.php(70): PDO->__construct().  

   WARN  #1 vendor/laravel/framework/src/Illuminate/Database/Connectors/Connector.php(45): Illuminate\Database\Connectors\Connector->createPdoConnection().  

   WARN  #2 vendor/laravel/framework/src/Illuminate/Database/Connectors/MySqlConnector.php(24): Illuminate\Database\Connectors\Connector->createConnection().  

   WARN  #3 vendor/laravel/framework/src/Illuminate/Database/Connectors/ConnectionFactory.php(184): Illuminate\Database\Connectors\MySqlConnector->connect().  

   WARN  #4 [internal function]: Illuminate\Database\Connectors\ConnectionFactory->{closure:Illuminate\Database\Connectors\ConnectionFactory::createPdoResolverWithHosts():179}().  

   WARN  #5 vendor/laravel/framework/src/Illuminate/Database/Connection.php(1181): call_user_func().  

   WARN  #6 vendor/laravel/framework/src/Illuminate/Database/Connection.php(1217): Illuminate\Database\Connection->getPdo().  

   WARN  #7 vendor/laravel/framework/src/Illuminate/Database/Connection.php(486): Illuminate\Database\Connection->getReadPdo().  

   WARN  #8 vendor/laravel/framework/src/Illuminate/Database/Connection.php(414): Illuminate\Database\Connection->getPdoForSelect().  

   WARN  #9 vendor/laravel/framework/src/Illuminate/Database/Connection.php(753): Illuminate\Database\Connection->{closure:Illuminate\Database\Connection::select():405}().  

   WARN  #10 vendor/laravel/framework/src/Illuminate/Database/Connection.php(720): Illuminate\Database\Connection->runQueryCallback().  

   WARN  #11 vendor/laravel/framework/src/Illuminate/Database/Connection.php(405): Illuminate\Database\Connection->run().  

   WARN  #12 vendor/laravel/framework/src/Illuminate/Database/Query/Builder.php(2705): Illuminate\Database\Connection->select().  

   WARN  #13 vendor/laravel/framework/src/Illuminate/Database/Query/Builder.php(2694): Illuminate\Database\Query\Builder->runSelect().  

   WARN  #14 vendor/laravel/framework/src/Illuminate/Database/Query/Builder.php(3230): Illuminate\Database\Query\Builder->{closure:Illuminate\Database\Query\Builder::get():2693}().  

   WARN  #15 vendor/laravel/framework/src/Illuminate/Database/Query/Builder.php(2693): Illuminate\Database\Query\Builder->onceWithColumns().  

   WARN  #16 vendor/laravel/framework/src/Illuminate/Database/Eloquent/Builder.php(710): Illuminate\Database\Query\Builder->get().  

   WARN  #17 vendor/laravel/framework/src/Illuminate/Database/Eloquent/Builder.php(694): Illuminate\Database\Eloquent\Builder->getModels().  

   WARN  #18 app/Http/ViewComposers/Categories.php(18): Illuminate\Database\Eloquent\Builder->get().  

   WARN  #19 [internal function]: App\Http\ViewComposers\Categories->__construct().  

   WARN  #20 vendor/laravel/framework/src/Illuminate/Container/Container.php(929): ReflectionClass->newInstanceArgs().  

   WARN  #21 vendor/laravel/framework/src/Illuminate/Container/Container.php(770): Illuminate\Container\Container->build().  

   WARN  #22 vendor/laravel/framework/src/Illuminate/Foundation/Application.php(881): Illuminate\Container\Container->resolve().  

   WARN  #23 vendor/laravel/framework/src/Illuminate/Container/Container.php(706): Illuminate\Foundation\Application->resolve().  

   WARN  #24 vendor/laravel/framework/src/Illuminate/Foundation/Application.php(866): Illuminate\Container\Container->make().  

   WARN  #25 vendor/laravel/framework/src/Illuminate/View/Concerns/ManagesEvents.php(124): Illuminate\Foundation\Application->make().  

   WARN  #26 vendor/laravel/framework/src/Illuminate/View/Concerns/ManagesEvents.php(162): Illuminate\View\Factory->{closure:Illuminate\View\Concerns\ManagesEvents::buildClassEventCallback():123}().  

   WARN  #27 vendor/laravel/framework/src/Illuminate/Events/Dispatcher.php(418): Illuminate\View\Factory->{closure:Illuminate\View\Concerns\ManagesEvents::addEventListener():161}().  

   WARN  #28 vendor/laravel/framework/src/Illuminate/Events/Dispatcher.php(249): Illuminate\Events\Dispatcher->{closure:Illuminate\Events\Dispatcher::makeListener():416}().  

   WARN  #29 vendor/laravel/framework/src/Illuminate/View/Concerns/ManagesEvents.php(177): Illuminate\Events\Dispatcher->dispatch().  

   WARN  #30 vendor/laravel/framework/src/Illuminate/View/View.php(176): Illuminate\View\Factory->callComposer().  

   WARN  #31 vendor/laravel/framework/src/Illuminate/View/View.php(147): Illuminate\View\View->renderContents().  

   WARN  #32 vendor/laravel/framework/src/Illuminate/Http/Response.php(69): Illuminate\View\View->render().  

   WARN  #33 vendor/laravel/framework/src/Illuminate/Http/Response.php(35): Illuminate\Http\Response->setContent().  

   WARN  #34 vendor/laravel/framework/src/Illuminate/Routing/ResponseFactory.php(57): Illuminate\Http\Response->__construct().  

   WARN  #35 vendor/laravel/framework/src/Illuminate/Routing/ResponseFactory.php(87): Illuminate\Routing\ResponseFactory->make().  

   WARN  #36 vendor/laravel/framework/src/Illuminate/Foundation/Exceptions/Handler.php(626): Illuminate\Routing\ResponseFactory->view().  

   WARN  #37 vendor/laravel/framework/src/Illuminate/Foundation/Exceptions/Handler.php(554): Illuminate\Foundation\Exceptions\Handler->renderHttpException().  

   WARN  #38 vendor/laravel/framework/src/Illuminate/Foundation/Exceptions/Handler.php(460): Illuminate\Foundation\Exceptions\Handler->prepareResponse().  

   WARN  #39 vendor/laravel/framework/src/Illuminate/Foundation/Exceptions/Handler.php(377): Illuminate\Foundation\Exceptions\Handler->renderExceptionResponse().  

   WARN  #40 app/Exceptions/Handler.php(53): Illuminate\Foundation\Exceptions\Handler->render().  

   WARN  #41 vendor/laravel/framework/src/Illuminate/Foundation/Bootstrap/HandleExceptions.php(235): App\Exceptions\Handler->render().  

   WARN  #42 vendor/laravel/framework/src/Illuminate/Foundation/Bootstrap/HandleExceptions.php(212): Illuminate\Foundation\Bootstrap\HandleExceptions->renderHttpResponse().  

   WARN  #43 vendor/laravel/framework/src/Illuminate/Foundation/Bootstrap/HandleExceptions.php(248): Illuminate\Foundation\Bootstrap\HandleExceptions->handleException().  

   WARN  #44 vendor/laravel/framework/src/Illuminate/Foundation/Bootstrap/HandleExceptions.php(272): Illuminate\Foundation\Bootstrap\HandleExceptions->handleShutdown().  

   WARN  #45 [internal function]: Illuminate\Foundation\Bootstrap\HandleExceptions->{closure:Illuminate\Foundation\Bootstrap\HandleExceptions::forwardsTo():271}().  

   WARN  #46 {main}.  

   WARN  [1698.  

   WARN  Stack trace:  

   WARN  #0 vendor/laravel/framework/src/Illuminate/Database/Connection.php(720): Illuminate\Database\Connection->runQueryCallback().  

   WARN  #1 vendor/laravel/framework/src/Illuminate/Database/Connection.php(405): Illuminate\Database\Connection->run().  

   WARN  #2 vendor/laravel/framework/src/Illuminate/Database/Query/Builder.php(2705): Illuminate\Database\Connection->select().  

   WARN  #3 vendor/laravel/framework/src/Illuminate/Database/Query/Builder.php(2694): Illuminate\Database\Query\Builder->runSelect().  

   WARN  #4 vendor/laravel/framework/src/Illuminate/Database/Query/Builder.php(3230): Illuminate\Database\Query\Builder->{closure:Illuminate\Database\Query\Builder::get():2693}().  

   WARN  #5 vendor/laravel/framework/src/Illuminate/Database/Query/Builder.php(2693): Illuminate\Database\Query\Builder->onceWithColumns().  

   WARN  #6 vendor/laravel/framework/src/Illuminate/Database/Eloquent/Builder.php(710): Illuminate\Database\Query\Builder->get().  

   WARN  #7 vendor/laravel/framework/src/Illuminate/Database/Eloquent/Builder.php(694): Illuminate\Database\Eloquent\Builder->getModels().  

   WARN  #8 app/Http/ViewComposers/Categories.php(18): Illuminate\Database\Eloquent\Builder->get().  

   WARN  #9 [internal function]: App\Http\ViewComposers\Categories->__construct().  

   WARN  #10 vendor/laravel/framework/src/Illuminate/Container/Container.php(929): ReflectionClass->newInstanceArgs().  

   WARN  #11 vendor/laravel/framework/src/Illuminate/Container/Container.php(770): Illuminate\Container\Container->build().  

   WARN  #12 vendor/laravel/framework/src/Illuminate/Foundation/Application.php(881): Illuminate\Container\Container->resolve().  

   WARN  #13 vendor/laravel/framework/src/Illuminate/Container/Container.php(706): Illuminate\Foundation\Application->resolve().  

   WARN  #14 vendor/laravel/framework/src/Illuminate/Foundation/Application.php(866): Illuminate\Container\Container->make().  

   WARN  #15 vendor/laravel/framework/src/Illuminate/View/Concerns/ManagesEvents.php(124): Illuminate\Foundation\Application->make().  

   WARN  #16 vendor/laravel/framework/src/Illuminate/View/Concerns/ManagesEvents.php(162): Illuminate\View\Factory->{closure:Illuminate\View\Concerns\ManagesEvents::buildClassEventCallback():123}().  

   WARN  #17 vendor/laravel/framework/src/Illuminate/Events/Dispatcher.php(418): Illuminate\View\Factory->{closure:Illuminate\View\Concerns\ManagesEvents::addEventListener():161}().  

   WARN  #18 vendor/laravel/framework/src/Illuminate/Events/Dispatcher.php(249): Illuminate\Events\Dispatcher->{closure:Illuminate\Events\Dispatcher::makeListener():416}().  

   WARN  #19 vendor/laravel/framework/src/Illuminate/View/Concerns/ManagesEvents.php(177): Illuminate\Events\Dispatcher->dispatch().  

   WARN  #20 vendor/laravel/framework/src/Illuminate/View/View.php(176): Illuminate\View\Factory->callComposer().  

   WARN  #21 vendor/laravel/framework/src/Illuminate/View/View.php(147): Illuminate\View\View->renderContents().  

   WARN  #22 vendor/laravel/framework/src/Illuminate/Http/Response.php(69): Illuminate\View\View->render().  

   WARN  #23 vendor/laravel/framework/src/Illuminate/Http/Response.php(35): Illuminate\Http\Response->setContent().  

   WARN  #24 vendor/laravel/framework/src/Illuminate/Routing/ResponseFactory.php(57): Illuminate\Http\Response->__construct().  

   WARN  #25 vendor/laravel/framework/src/Illuminate/Routing/ResponseFactory.php(87): Illuminate\Routing\ResponseFactory->make().  

   WARN  #26 vendor/laravel/framework/src/Illuminate/Foundation/Exceptions/Handler.php(626): Illuminate\Routing\ResponseFactory->view().  

   WARN  #27 vendor/laravel/framework/src/Illuminate/Foundation/Exceptions/Handler.php(554): Illuminate\Foundation\Exceptions\Handler->renderHttpException().  

   WARN  #28 vendor/laravel/framework/src/Illuminate/Foundation/Exceptions/Handler.php(460): Illuminate\Foundation\Exceptions\Handler->prepareResponse().  

   WARN  #29 vendor/laravel/framework/src/Illuminate/Foundation/Exceptions/Handler.php(377): Illuminate\Foundation\Exceptions\Handler->renderExceptionResponse().  

   WARN  #30 app/Exceptions/Handler.php(53): Illuminate\Foundation\Exceptions\Handler->render().  

   WARN  #31 vendor/laravel/framework/src/Illuminate/Foundation/Bootstrap/HandleExceptions.php(235): App\Exceptions\Handler->render().  

   WARN  #32 vendor/laravel/framework/src/Illuminate/Foundation/Bootstrap/HandleExceptions.php(212): Illuminate\Foundation\Bootstrap\HandleExceptions->renderHttpResponse().  

   WARN  #33 vendor/laravel/framework/src/Illuminate/Foundation/Bootstrap/HandleExceptions.php(248): Illuminate\Foundation\Bootstrap\HandleExceptions->handleException().  

   WARN  #34 vendor/laravel/framework/src/Illuminate/Foundation/Bootstrap/HandleExceptions.php(272): Illuminate\Foundation\Bootstrap\HandleExceptions->handleShutdown().  

   WARN  #35 [internal function]: Illuminate\Foundation\Bootstrap\HandleExceptions->{closure:Illuminate\Foundation\Bootstrap\HandleExceptions::forwardsTo():271}().  

   WARN  #36 {main}.  

   WARN  thrown in vendor/laravel/framework/src/Illuminate/Database/Connection.php on line 760.  

  2025-09-04 03:48:55 ................................................... ~ 0s
